[    0.000000] Initializing cgroup subsys cpuset
[    0.000000] Initializing cgroup subsys cpu
[    0.000000] Initializing cgroup subsys cpuacct
[    0.000000] Linux version 4.4.0-98-generic (buildd@lcy01-03) (gcc version 5.4.0 20160609 (Ubuntu 5.4.0-6ubuntu1~16.04.4) ) #121-Ubuntu SMP Tue Oct 10 14:24:03 UTC 2017 (Ubuntu 4.4.0-98.121-generic 4.4.90)
[    0.000000] Command line: BOOT_IMAGE=/boot/vmlinuz-4.4.0-98-generic root=UUID=8bf37a84-9284-4ad9-adbd-60affffbca26 ro console=tty1 console=ttyS0
[    0.000000] KERNEL supported cpus:
[    0.000000]   Intel GenuineIntel
[    0.000000]   AMD AuthenticAMD
[    0.000000]   Centaur CentaurHauls
[    0.000000] x86/fpu: xstate_offset[2]:  576, xstate_sizes[2]:  256
[    0.000000] x86/fpu: Supporting XSAVE feature 0x01: 'x87 floating point registers'
[    0.000000] x86/fpu: Supporting XSAVE feature 0x02: 'SSE registers'
[    0.000000] x86/fpu: Supporting XSAVE feature 0x04: 'AVX registers'
[    0.000000] x86/fpu: Enabled xstate features 0x7, context size is 832 bytes, using 'standard' format.
[    0.000000] x86/fpu: Using 'lazy' FPU context switches.
[    0.000000] e820: BIOS-provided physical RAM map:
[    0.000000] BIOS-e820: [mem 0x0000000000000000-0x000000000009fbff] usable
[    0.000000] BIOS-e820: [mem 0x000000000009fc00-0x000000000009ffff] reserved
[    0.000000] BIOS-e820: [mem 0x00000000000f0000-0x00000000000fffff] reserved
[    0.000000] BIOS-e820: [mem 0x0000000000100000-0x000000003ffeffff] usable
[    0.000000] BIOS-e820: [mem 0x000000003fff0000-0x000000003fffffff] ACPI data
[    0.000000] BIOS-e820: [mem 0x00000000fec00000-0x00000000fec00fff] reserved
[    0.000000] BIOS-e820: [mem 0x00000000fee00000-0x00000000fee00fff] reserved
[    0.000000] BIOS-e820: [mem 0x00000000fffc0000-0x00000000ffffffff] reserved
[    0.000000] NX (Execute Disable) protection: active
[    0.000000] SMBIOS 2.5 present.
[    0.000000] Hypervisor detected: KVM
[    0.000000] e820: last_pfn = 0x3fff0 max_arch_pfn = 0x400000000
[    0.000000] MTRR: Disabled
[    0.000000] x86/PAT: MTRRs disabled, skipping PAT initialization too.
[    0.000000] CPU MTRRs all blank - virtualized system.
[    0.000000] x86/PAT: Configuration [0-7]: WB  WT  UC- UC  WB  WT  UC- UC  
[    0.000000] found SMP MP-table at [mem 0x0009fff0-0x0009ffff] mapped at [ffff88000009fff0]
[    0.000000] Scanning 1 areas for low memory corruption
[    0.000000] RAMDISK: [mem 0x36236000-0x37112fff]
[    0.000000] ACPI: Early table checksum verification disabled
[    0.000000] ACPI: RSDP 0x00000000000E0000 000024 (v02 VBOX  )
[    0.000000] ACPI: XSDT 0x000000003FFF0030 00003C (v01 VBOX   VBOXXSDT 00000001 ASL  00000061)
[    0.000000] ACPI: FACP 0x000000003FFF00F0 0000F4 (v04 VBOX   VBOXFACP 00000001 ASL  00000061)
[    0.000000] ACPI: DSDT 0x000000003FFF0470 0021FF (v02 VBOX   VBOXBIOS 00000002 INTL 20100528)
[    0.000000] ACPI: FACS 0x000000003FFF0200 000040
[    0.000000] ACPI: FACS 0x000000003FFF0200 000040
[    0.000000] ACPI: APIC 0x000000003FFF0240 00005C (v02 VBOX   VBOXAPIC 00000001 ASL  00000061)
[    0.000000] ACPI: SSDT 0x000000003FFF02A0 0001CC (v01 VBOX   VBOXCPUT 00000002 INTL 20100528)
[    0.000000] No NUMA configuration found
[    0.000000] Faking a node at [mem 0x0000000000000000-0x000000003ffeffff]
[    0.000000] NODE_DATA(0) allocated [mem 0x3ffeb000-0x3ffeffff]
[    0.000000] kvm-clock: Using msrs 4b564d01 and 4b564d00
[    0.000000] kvm-clock: cpu 0, msr 0:3ffe3001, primary cpu clock
[    0.000000] kvm-clock: using sched offset of 3095082349 cycles
[    0.000000] clocksource: kvm-clock: mask: 0xffffffffffffffff max_cycles: 0x1cd42e4dffb, max_idle_ns: 881590591483 ns
[    0.000000] Zone ranges:
[    0.000000]   DMA      [mem 0x0000000000001000-0x0000000000ffffff]
[    0.000000]   DMA32    [mem 0x0000000001000000-0x000000003ffeffff]
[    0.000000]   Normal   empty
[    0.000000]   Device   empty
[    0.000000] Movable zone start for each node
[    0.000000] Early memory node ranges
[    0.000000]   node   0: [mem 0x0000000000001000-0x000000000009efff]
[    0.000000]   node   0: [mem 0x0000000000100000-0x000000003ffeffff]
[    0.000000] Initmem setup node 0 [mem 0x0000000000001000-0x000000003ffeffff]
[    0.000000] ACPI: PM-Timer IO Port: 0x4008
[    0.000000] IOAPIC[0]: apic_id 2, version 32, address 0xfec00000, GSI 0-23
[    0.000000] ACPI: INT_SRC_OVR (bus 0 bus_irq 0 global_irq 2 dfl dfl)
[    0.000000] ACPI: INT_SRC_OVR (bus 0 bus_irq 9 global_irq 9 high level)
[    0.000000] Using ACPI (MADT) for SMP configuration information
[    0.000000] smpboot: Allowing 2 CPUs, 0 hotplug CPUs
[    0.000000] PM: Registered nosave memory: [mem 0x00000000-0x00000fff]
[    0.000000] PM: Registered nosave memory: [mem 0x0009f000-0x0009ffff]
[    0.000000] PM: Registered nosave memory: [mem 0x000a0000-0x000effff]
[    0.000000] PM: Registered nosave memory: [mem 0x000f0000-0x000fffff]
[    0.000000] e820: [mem 0x40000000-0xfebfffff] available for PCI devices
[    0.000000] Booting paravirtualized kernel on KVM
[    0.000000] clocksource: refined-jiffies: mask: 0xffffffff max_cycles: 0xffffffff, max_idle_ns: 7645519600211568 ns
[    0.000000] setup_percpu: NR_CPUS:512 nr_cpumask_bits:512 nr_cpu_ids:2 nr_node_ids:1
[    0.000000] PERCPU: Embedded 34 pages/cpu @ffff88003fc00000 s98328 r8192 d32744 u1048576
[    0.000000] PV qspinlock hash table entries: 256 (order: 0, 4096 bytes)
[    0.000000] Built 1 zonelists in Node order, mobility grouping on.  Total pages: 257913
[    0.000000] Policy zone: DMA32
[    0.000000] Kernel command line: BOOT_IMAGE=/boot/vmlinuz-4.4.0-98-generic root=UUID=8bf37a84-9284-4ad9-adbd-60affffbca26 ro console=tty1 console=ttyS0
[    0.000000] PID hash table entries: 4096 (order: 3, 32768 bytes)
[    0.000000] Memory: 997344K/1048120K available (8484K kernel code, 1294K rwdata, 3988K rodata, 1492K init, 1316K bss, 50776K reserved, 0K cma-reserved)
[    0.000000] SLUB: HWalign=64, Order=0-3, MinObjects=0, CPUs=2, Nodes=1
[    0.000000] Hierarchical RCU implementation.
[    0.000000] 	Build-time adjustment of leaf fanout to 64.
[    0.000000] 	RCU restricting CPUs from NR_CPUS=512 to nr_cpu_ids=2.
[    0.000000] RCU: Adjusting geometry for rcu_fanout_leaf=64, nr_cpu_ids=2
[    0.000000] NR_IRQS:33024 nr_irqs:440 16
[    0.000000] Console: colour VGA+ 80x25
[    0.000000] console [tty1] enabled
[    0.000000] console [ttyS0] enabled
[    0.000000] tsc: Detected 2394.468 MHz processor
[   12.842771] Calibrating delay loop (skipped) preset value.. 4788.93 BogoMIPS (lpj=9577872)
[   13.056949] pid_max: default: 32768 minimum: 301
[   13.209943] ACPI: Core revision 20150930
[   13.340880] ACPI: 2 ACPI AML tables successfully acquired and loaded
[   13.511773] Security Framework initialized
[   13.512457] Yama: becoming mindful.
[   13.513079] AppArmor: AppArmor initialized
[   13.533392] Dentry cache hash table entries: 131072 (order: 8, 1048576 bytes)
[   13.534556] Inode-cache hash table entries: 65536 (order: 7, 524288 bytes)
[   13.536360] Mount-cache hash table entries: 2048 (order: 2, 16384 bytes)
[   13.537328] Mountpoint-cache hash table entries: 2048 (order: 2, 16384 bytes)
[   13.598220] Initializing cgroup subsys io
[   13.696530] Initializing cgroup subsys memory
[   13.801646] Initializing cgroup subsys devices
[   13.911216] Initializing cgroup subsys freezer
[   13.988912] Initializing cgroup subsys net_cls
[   13.989629] Initializing cgroup subsys perf_event
[   13.990415] Initializing cgroup subsys net_prio
[   13.991152] Initializing cgroup subsys hugetlb
[   14.010838] Initializing cgroup subsys pids
[   14.011604] CPU: Physical Processor ID: 0
[   14.012320] CPU: Processor Core ID: 0
[   14.013737] mce: CPU supports 0 MCE banks
[   14.014441] Last level iTLB entries: 4KB 1024, 2MB 1024, 4MB 1024
[   14.015345] Last level dTLB entries: 4KB 1024, 2MB 1024, 4MB 1024, 1GB 4
[   14.203074] Freeing SMP alternatives memory: 32K
[   14.354520] ftrace: allocating 32154 entries in 126 pages
[   14.545696] smpboot: APIC(0) Converting physical 0 to logical package 0
[   14.761858] smpboot: Max logical packages: 1
[   14.898661] x2apic enabled
[   14.969130] Switched APIC routing to physical x2apic.
[   15.068921] ..TIMER: vector=0x30 apic1=0 pin1=2 apic2=-1 pin2=-1
[   15.362468] smpboot: CPU0: Intel(R) Core(TM) i7-4700HQ CPU @ 2.40GHz (family: 0x6, model: 0x3c, stepping: 0x3)
[   15.647380] Performance Events: unsupported p6 CPU model 60 no PMU driver, software events only.
[   15.926841] KVM setup paravirtual spinlock
[   16.055490] x86: Booting SMP configuration:
[   16.085928] .... node  #0, CPUs:      #1
[   16.170707] kvm-clock: cpu 1, msr 0:3ffe3041, secondary cpu clock
[   16.312645] mce: CPU supports 0 MCE banks
[   16.386177] x86: Booted up 1 node, 2 CPUs
[   16.492762] smpboot: Total of 2 processors activated (9577.87 BogoMIPS)
[   16.664086] devtmpfs: initialized
[   16.769378] evm: security.selinux
[   16.834809] evm: security.SMACK64
[   16.931279] evm: security.SMACK64EXEC
[   17.050467] evm: security.SMACK64TRANSMUTE
[   17.160538] evm: security.SMACK64MMAP
[   17.281101] evm: security.ima
[   17.380675] evm: security.capability
[   17.495932] clocksource: jiffies: mask: 0xffffffff max_cycles: 0xffffffff, max_idle_ns: 7645041785100000 ns
[   17.820816] futex hash table entries: 512 (order: 3, 32768 bytes)
[   18.018881] pinctrl core: initialized pinctrl subsystem
[   18.170432] RTC time:  1:06:48, date: 11/03/17
[   18.269314] NET: Registered protocol family 16
[   18.427040] cpuidle: using governor ladder
[   18.564002] cpuidle: using governor menu
[   18.576282] PCCT header not found.
[   18.681514] ACPI: bus type PCI registered
[   18.814421] acpiphp: ACPI Hot Plug PCI Controller Driver version: 0.5
[   19.002212] PCI: Using configuration type 1 for base access
[   19.191013] ACPI: Added _OSI(Module Device)
[   19.270511] ACPI: Added _OSI(Processor Device)
[   19.419850] ACPI: Added _OSI(3.0 _SCP Extensions)
[   19.446587] ACPI: Added _OSI(Processor Aggregator Device)
[   19.448012] ACPI: Executed 1 blocks of module-level executable AML code
[   19.450645] ACPI: Interpreter enabled
[   19.451285] ACPI: (supports S0 S5)
[   19.451888] ACPI: Using IOAPIC for interrupt routing
[   19.452771] PCI: Using host bridge windows from ACPI; if necessary, use "pci=nocrs" and report a bug
[   19.456986] ACPI: PCI Root Bridge [PCI0] (domain 0000 [bus 00-ff])
[   19.635802] acpi PNP0A03:00: _OSC: OS supports [ASPM ClockPM Segments MSI]
[   19.838380] acpi PNP0A03:00: _OSC: not requesting OS control; OS requires [ExtendedConfig ASPM ClockPM MSI]
[   20.135891] acpi PNP0A03:00: fail to add MMCONFIG information, can't access extended PCI configuration space under this bridge.
[   20.440850] PCI host bridge to bus 0000:00
[   20.560845] pci_bus 0000:00: root bus resource [io  0x0000-0x0cf7 window]
[   20.732043] pci_bus 0000:00: root bus resource [io  0x0d00-0xffff window]
[   20.920642] pci_bus 0000:00: root bus resource [mem 0x000a0000-0x000bffff window]
[   20.966944] pci_bus 0000:00: root bus resource [mem 0x40000000-0xffdfffff window]
[   21.103287] pci_bus 0000:00: root bus resource [bus 00-ff]
[   21.105568] pci 0000:00:01.1: legacy IDE quirk: reg 0x10: [io  0x01f0-0x01f7]
[   21.131887] pci 0000:00:01.1: legacy IDE quirk: reg 0x14: [io  0x03f6]
[   21.132845] pci 0000:00:01.1: legacy IDE quirk: reg 0x18: [io  0x0170-0x0177]
[   21.168375] pci 0000:00:01.1: legacy IDE quirk: reg 0x1c: [io  0x0376]
[   21.361830] pci 0000:00:07.0: quirk: [io  0x4000-0x403f] claimed by PIIX4 ACPI
[   21.583618] pci 0000:00:07.0: quirk: [io  0x4100-0x410f] claimed by PIIX4 SMB
[   21.816068] ACPI: PCI Interrupt Link [LNKA] (IRQs 5 9 10 *11)
[   21.944734] ACPI: PCI Interrupt Link [LNKB] (IRQs 5 9 10 *11)
[   22.094347] ACPI: PCI Interrupt Link [LNKC] (IRQs 5 9 *10 11)
[   22.241531] ACPI: PCI Interrupt Link [LNKD] (IRQs 5 *9 10 11)
[   22.386292] ACPI: Enabled 2 GPEs in block 00 to 07
[   22.490061] vgaarb: setting as boot device: PCI:0000:00:02.0
[   22.526587] vgaarb: device added: PCI:0000:00:02.0,decodes=io+mem,owns=io+mem,locks=none
[   22.527936] vgaarb: loaded
[   22.528464] vgaarb: bridge control possible 0000:00:02.0
[   22.529499] SCSI subsystem initialized
[   22.556681] ACPI: bus type USB registered
[   22.690020] usbcore: registered new interface driver usbfs
[   22.862896] usbcore: registered new interface driver hub
[   22.920571] usbcore: registered new device driver usb
[   23.078028] PCI: Using ACPI for IRQ routing
[   23.220198] NetLabel: Initializing
[   23.319858] NetLabel:  domain hash size = 128
[   23.451432] NetLabel:  protocols = UNLABELED CIPSOv4
[   23.583079] NetLabel:  unlabeled traffic allowed by default
[   23.741399] amd_nb: Cannot enumerate AMD northbridges
[   23.889922] clocksource: Switched to clocksource kvm-clock
[   23.996554] AppArmor: AppArmor Filesystem Enabled
[   24.105972] pnp: PnP ACPI init
[   24.166796] pnp: PnP ACPI: found 3 devices
[   24.186577] clocksource: acpi_pm: mask: 0xffffff max_cycles: 0xffffff, max_idle_ns: 2085701024 ns
[   24.194770] NET: Registered protocol family 2
[   24.253037] TCP established hash table entries: 8192 (order: 4, 65536 bytes)
[   24.254069] TCP bind hash table entries: 8192 (order: 5, 131072 bytes)
[   24.378533] TCP: Hash tables configured (established 8192 bind 8192)
[   24.379925] UDP hash table entries: 512 (order: 2, 16384 bytes)
[   24.381216] UDP-Lite hash table entries: 512 (order: 2, 16384 bytes)
[   24.382210] NET: Registered protocol family 1
[   24.382971] pci 0000:00:00.0: Limiting direct PCI/PCI transfers
[   24.494878] pci 0000:00:01.0: Activating ISA DMA hang workarounds
[   24.573076] Unpacking initramfs...
[   24.842862] Freeing initrd memory: 15220K
[   24.917141] RAPL PMU detected, API unit is 2^-32 Joules, 4 fixed counters 10737418240 ms ovfl timer
[   25.070629] hw unit of domain pp0-core 2^-0 Joules
[   25.144566] hw unit of domain package 2^-0 Joules
[   25.234321] hw unit of domain dram 2^-0 Joules
[   25.236601] hw unit of domain pp1-gpu 2^-0 Joules
[   25.237428] platform rtc_cmos: registered platform RTC device (no PNP device found)
[   25.335223] Scanning for low memory corruption every 60 seconds
[   25.498740] audit: initializing netlink subsys (disabled)
[   25.592368] audit: type=2000 audit(1509671196.669:1): initialized
[   25.740189] Initialise system trusted keyring
[   25.741060] HugeTLB registered 2 MB page size, pre-allocated 0 pages
[   25.763194] zbud: loaded
[   25.777820] VFS: Disk quotas dquot_6.6.0
[   25.778613] VFS: Dquot-cache hash table entries: 512 (order 0, 4096 bytes)
[   25.779966] squashfs: version 4.0 (2009/01/31) Phillip Lougher
[   25.781132] fuse init (API version 7.23)
[   25.836181] Key type big_key registered
[   25.915795] Allocating IMA MOK and blacklist keyrings.
[   25.918173] Key type asymmetric registered
[   25.999682] Asymmetric key parser 'x509' registered
[   26.074781] Block layer SCSI generic (bsg) driver version 0.4 loaded (major 249)
[   26.166969] io scheduler noop registered
[   26.273937] tsc: Refined TSC clocksource calibration: 2394.956 MHz
[   26.297720] clocksource: tsc: mask: 0xffffffffffffffff max_cycles: 0x22859aa1732, max_idle_ns: 440795226330 ns
[   26.297955] io scheduler deadline registered (default)
[   26.298004] io scheduler cfq registered
[   26.298077] pci_hotplug: PCI Hot Plug PCI Core version: 0.5
[   26.298081] pciehp: PCI Express Hot Plug Controller Driver version: 0.4
[   26.298197] ACPI: AC Adapter [AC] (on-line)
[   26.298241] input: Power Button as /devices/LNXSYSTM:00/LNXPWRBN:00/input/input0
[   26.298243] ACPI: Power Button [PWRF]
[   26.298297] input: Sleep Button as /devices/LNXSYSTM:00/LNXSLPBN:00/input/input1
[   26.298298] ACPI: Sleep Button [SLPF]
[   26.447283] ACPI: Battery Slot [BAT0] (battery present)
[   26.447314] GHES: HEST is not enabled!
[   26.447402] Serial: 8250/16550 driver, 32 ports, IRQ sharing enabled
[   26.621359] 00:02: ttyS0 at I/O 0x3f8 (irq = 4, base_baud = 115200) is a 16550A
[   26.729126] Linux agpgart interface v0.103
[   26.828286] loop: module loaded
[   26.828944] scsi host0: ata_piix
[   26.828988] scsi host1: ata_piix
[   26.829012] ata1: PATA max UDMA/33 cmd 0x1f0 ctl 0x3f6 bmdma 0xd000 irq 14
[   26.829012] ata2: PATA max UDMA/33 cmd 0x170 ctl 0x376 bmdma 0xd008 irq 15
[   26.829073] libphy: Fixed MDIO Bus: probed
[   26.829075] tun: Universal TUN/TAP device driver, 1.6
[   26.829076] tun: (C) 1999-2004 Max Krasnyansky <maxk@qualcomm.com>
[   26.829356] PPP generic driver version 2.4.2
[   26.829400] ehci_hcd: USB 2.0 'Enhanced' Host Controller (EHCI) Driver
[   26.829403] ehci-pci: EHCI PCI platform driver
[   26.829410] ehci-platform: EHCI generic platform driver
[   26.829417] ohci_hcd: USB 1.1 'Open' Host Controller (OHCI) Driver
[   26.829420] ohci-pci: OHCI PCI platform driver
[   26.829427] ohci-platform: OHCI generic platform driver
[   26.829432] uhci_hcd: USB Universal Host Controller Interface driver
[   26.829474] i8042: PNP: PS/2 Controller [PNP0303:PS2K,PNP0f03:PS2M] at 0x60,0x64 irq 1,12
[   26.866763] serio: i8042 KBD port at 0x60,0x64 irq 1
[   26.866768] serio: i8042 AUX port at 0x60,0x64 irq 12
[   26.866889] mousedev: PS/2 mouse device common for all mice
[   26.867161] rtc_cmos rtc_cmos: rtc core: registered rtc_cmos as rtc0
[   26.867207] rtc_cmos rtc_cmos: alarms up to one day, 114 bytes nvram
[   26.867212] i2c /dev entries driver
[   26.867257] device-mapper: uevent: version 1.0.3
[   26.867301] device-mapper: ioctl: 4.34.0-ioctl (2015-10-28) initialised: dm-devel@redhat.com
[   26.867315] ledtrig-cpu: registered to indicate activity on CPUs
[   26.867527] NET: Registered protocol family 10
[   26.867642] NET: Registered protocol family 17
[   26.867650] Key type dns_resolver registered
[   26.870109] microcode: CPU0 sig=0x306c3, pf=0x40, revision=0x0
[   26.870119] microcode: CPU1 sig=0x306c3, pf=0x40, revision=0x0
[   26.870173] microcode: Microcode Update Driver: v2.01 <tigran@aivazian.fsnet.co.uk>, Peter Oruba
[   26.870266] registered taskstats version 1
[   26.870280] Loading compiled-in X.509 certificates
[   26.870852] Loaded X.509 cert 'Build time autogenerated kernel key: 7431eaeda5a51458aeb00f8de0f18f89e178d882'
[   26.870865] zswap: loaded using pool lzo/zbud
[   26.872321] Key type trusted registered
[   26.874654] Key type encrypted registered
[   26.874660] AppArmor: AppArmor sha1 policy hashing enabled
[   26.874662] ima: No TPM chip found, activating TPM-bypass!
[   26.874678] evm: HMAC attrs: 0x1
[   26.874950]   Magic number: 9:422:103
[   26.886406] rtc_cmos rtc_cmos: setting system clock to 2017-11-03 01:06:56 UTC (1509671216)
[   26.886518] BIOS EDD facility v0.16 2004-Jun-25, 0 devices found
[   26.886518] EDD information not available.
[   27.043406] input: AT Translated Set 2 keyboard as /devices/platform/i8042/serio0/input/input2
[   31.087528] Freeing unused kernel memory: 1492K
[   31.223768] Write protecting the kernel read-only data: 14336k
[   31.335443] Freeing unused kernel memory: 1744K
[   31.431812] Freeing unused kernel memory: 108K
Loading, please wait...
[   31.480861] random: systemd-udevd: uninitialized urandom read (16 bytes read, 3 bits of entropy available)
starting version 229
[   31.481297] random: udevadm: uninitialized urandom read (16 bytes read, 3 bits of entropy available)
[   31.481324] random: udevadm: uninitialized urandom read (16 bytes read, 3 bits of entropy available)
[   31.481410] random: udevadm: uninitialized urandom read (16 bytes read, 3 bits of entropy available)
[   31.481442] random: udevadm: uninitialized urandom read (16 bytes read, 3 bits of entropy available)
[   31.481471] random: udevadm: uninitialized urandom read (16 bytes read, 3 bits of entropy available)
[   31.481499] random: udevadm: uninitialized urandom read (16 bytes read, 3 bits of entropy available)
[   31.481530] random: udevadm: uninitialized urandom read (16 bytes read, 3 bits of entropy available)
[   31.481559] random: udevadm: uninitialized urandom read (16 bytes read, 3 bits of entropy available)
[   31.481586] random: udevadm: uninitialized urandom read (16 bytes read, 3 bits of entropy available)
[   31.957169] e1000: Intel(R) PRO/1000 Network Driver - version 7.3.21-k8-NAPI
[   31.971398] e1000: Copyright (c) 1999-2006 Intel Corporation.
[   31.988805] Fusion MPT base driver 3.04.20
[   31.995582] Copyright (c) 1999-2008 LSI Corporation
[   32.006988] AVX version of gcm_enc/dec engaged.
[   32.066319] AES CTR mode by8 optimization enabled
[   32.148972] Fusion MPT SPI Host driver 3.04.20
[   32.235898] input: ImExPS/2 Generic Explorer Mouse as /devices/platform/i8042/serio1/input/input4
[   32.442104] e1000 0000:00:03.0 eth0: (PCI:33MHz:32-bit) 02:4c:96:80:3a:3c
[   32.562365] e1000 0000:00:03.0 eth0: Intel(R) PRO/1000 Network Connection
[   32.739633] e1000 0000:00:03.0 enp0s3: renamed from eth0
[   32.848754] mptbase: ioc0: Initiating bringup
[   32.990176] ioc0: LSI53C1030 A0: Capabilities={Initiator}
[   33.271398] scsi host2: ioc0: LSI53C1030 A0, FwRev=00000000h, Ports=1, MaxQ=256, IRQ=20
[   33.434959] scsi 2:0:0:0: Direct-Access     VBOX     HARDDISK         1.0  PQ: 0 ANSI: 5
[   33.580626] scsi target2:0:0: Beginning Domain Validation
[   33.652810] scsi target2:0:0: Domain Validation skipping write tests
[   33.655079] scsi target2:0:0: Ending Domain Validation
[   33.655952] scsi target2:0:0: asynchronous
[   33.668270] scsi 2:0:1:0: Direct-Access     VBOX     HARDDISK         1.0  PQ: 0 ANSI: 5
[   33.788998] scsi target2:0:1: Beginning Domain Validation
[   33.919703] scsi target2:0:1: Domain Validation skipping write tests
[   33.982075] scsi target2:0:1: Ending Domain Validation
[   33.986191] scsi target2:0:1: asynchronous
[   34.001817] sd 2:0:0:0: [sda] 20971520 512-byte logical blocks: (10.7 GB/10.0 GiB)
[   34.004211] sd 2:0:0:0: Attached scsi generic sg0 type 0
[   34.020457] sd 2:0:0:0: [sda] Write Protect is off
[   34.079375] sd 2:0:1:0: [sdb] 20480 512-byte logical blocks: (10.5 MB/10.0 MiB)
[   34.177164] sd 2:0:1:0: Attached scsi generic sg1 type 0
[   34.177412] sd 2:0:0:0: [sda] Incomplete mode parameter data
[   34.177413] sd 2:0:0:0: [sda] Assuming drive cache: write through
[   34.178689]  sda: sda1
[   34.179342] sd 2:0:0:0: [sda] Attached SCSI disk
[   34.258237] sd 2:0:1:0: [sdb] Write Protect is off
[   34.258435] sd 2:0:1:0: [sdb] Incomplete mode parameter data
[   34.258436] sd 2:0:1:0: [sdb] Assuming drive cache: write through
[   34.261696] sd 2:0:1:0: [sdb] Attached SCSI disk
[   35.015352] floppy0: no floppy controllers found
[   35.158154] work still pending
Begin: Loading e[   36.540469] md: linear personality registered for level -1
ssential drivers ... [   36.581349] md: multipath personality registered for level -4
[   36.763350] md: raid0 personality registered for level 0
[   36.920450] md: raid1 personality registered for level 1
[   37.117933] raid6: sse2x1   gen()  9637 MB/s
[   37.282045] raid6: sse2x1   xor()  7518 MB/s
[   37.410187] raid6: sse2x2   gen() 12282 MB/s
[   37.594286] raid6: sse2x2   xor()  8293 MB/s
[   37.677933] raid6: sse2x4   gen() 14190 MB/s
[   37.861981] raid6: sse2x4   xor()  9813 MB/s
[   37.996941] raid6: using algorithm sse2x4 gen() 14190 MB/s
[   38.153134] raid6: .... xor() 9813 MB/s, rmw enabled
[   38.240614] raid6: using ssse3x2 recovery algorithm
[   38.354950] xor: automatically using best checksumming function:
[   38.405935]    avx       : 21399.000 MB/sec
[   38.466875] async_tx: api initialized (async)
[   38.515425] md: raid6 personality registered for level 6
[   38.658439] md: raid5 personality registered for level 5
[   38.825076] md: raid4 personality registered for level 4
[   38.974966] md: raid10 personality registered for level 10
done.
Begin: Running /scripts/init-p[   39.149343] Btrfs loaded
remount ... done.
Begin: Mounting root file system ... Begin: Running /scripts/local-top ... done.
Begin: Running /scripts/local-premount ... Scanning for Btrfs filesystems
done.
Warning: fsck no[   39.272608] EXT4-fs (sda1): INFO: recovery required on readonly filesystem
t present, so skipping root file system
[   39.438716] EXT4-fs (sda1): write access will be enabled during recovery
[   39.864355] EXT4-fs (sda1): recovery complete
[   39.963359] EXT4-fs (sda1): mounted filesystem with ordered data mode. Opts: (null)
done.
Begin: Running /scripts/local-bottom ... done.
Begin: Running /scripts/init-bottom ... done.
[   40.084993] systemd[1]: systemd 229 running in system mode. (+PAM +AUDIT +SELINUX +IMA +APPARMOR +SMACK +SYSVINIT +UTMP +LIBCRYPTSETUP +GCRYPT +GNUTLS +ACL +XZ -LZ4 +SECCOMP +BLKID +ELFUTILS +KMOD -IDN)
[   40.357402] systemd[1]: Detected virtualization oracle.
[   40.476466] systemd[1]: Detected architecture x86-64.

Welcome to [1mUbuntu 16.04.2 LTS[0m!

[   40.647377] systemd[1]: Set hostname to <ubuntu-xenial>.
[   40.841481] random: nonblocking pool is initialized
[   41.026290] systemd[1]: Set up automount Arbitrary Executable File Formats File System Automount Point.
[[0;32m  OK  [0m] Set up automount Arbitrary Executab...ats File System Automount Point.
[   41.283877] systemd[1]: Listening on LVM2 poll daemon socket.
[[0;32m  OK  [0m] Listening on LVM2 poll daemon socket.
[   41.286154] systemd[1]: Listening on Journal Audit Socket.
[[0;32m  OK  [0m] Listening on Journal Audit Socket.
[   41.288043] systemd[1]: Started Forward Password Requests to Wall Directory Watch.
[[0;32m  OK  [0m] Started Forward Password Requests to Wall Directory Watch.
[   41.302690] systemd[1]: Created slice User and Session Slice.
[[0;32m  OK  [0m] Created slice User and Session Slice.
[   41.417912] systemd[1]: Reached target Swap.
[[0;32m  OK  [0m] Reached target Swap.
[   41.506192] systemd[1]: Listening on /dev/initctl Compatibility Named Pipe.
[[0;32m  OK  [0m] Listening on /dev/initctl Compatibility Named Pipe.
[   41.708814] systemd[1]: Listening on udev Kernel Socket.
[[0;32m  OK  [0m] Listening on udev Kernel Socket.
[   41.719083] systemd[1]: Listening on Syslog Socket.
[[0;32m  OK  [0m] Listening on Syslog Socket.
[   41.730689] systemd[1]: Started Trigger resolvconf update for networkd DNS.
[[0;32m  OK  [0m] Started Trigger resolvconf update for networkd DNS.
[   41.795092] systemd[1]: Listening on Device-mapper event daemon FIFOs.
[[0;32m  OK  [0m] Listening on Device-mapper event daemon FIFOs.
[   41.939145] systemd[1]: Listening on Journal Socket.
[[0;32m  OK  [0m] Listening on Journal Socket.
[   41.942437] systemd[1]: Listening on LVM2 metadata daemon socket.
[[0;32m  OK  [0m] Listening on LVM2 metadata daemon socket.
[   41.998495] systemd[1]: Listening on Journal Socket (/dev/log).
[[0;32m  OK  [0m] Listening on Journal Socket (/dev/log).
[   42.205801] systemd[1]: Reached target Encrypted Volumes.
[[0;32m  OK  [0m] Reached target Encrypted Volumes.
[   42.335423] systemd[1]: Listening on udev Control Socket.
[[0;32m  OK  [0m] Listening on udev Control Socket.
[   42.410611] systemd[1]: Created slice System Slice.
[[0;32m  OK  [0m] Created slice System Slice.
[   42.462487] systemd[1]: Starting Create list of required static device nodes for the current kernel...
         Starting Create list of required st... nodes for the current kernel...
[   42.592777] systemd[1]: Created slice system-serial\x2dgetty.slice.
[[0;32m  OK  [0m] Created slice system-serial\x2dgetty.slice.
[   42.615965] systemd[1]: Starting Set console keymap...
         Starting Set console keymap...
[   42.636261] systemd[1]: Starting Load Kernel Modules...
         Starting Load Kernel Modules...
[   42.773763] Loading iSCSI transport class v2.0-870.
[   42.878563] systemd[1]: Starting Nameserver information manager...
         Startin[   42.964572] iscsi: registered transport (tcp)
g Nameserver information manager...
[   42.979835] systemd[1]: Starting Remount Root and Kernel File Systems...
         Startin[   42.984866] EXT4-fs (sda1): re-mounted. Opts: (null)
g Remount Root and Kernel File Systems...
[   43.039518] systemd[1]: Mounting Huge Pages File System...
         Mounting Huge Pages File System...
[   43.041593] systemd[1]: Mounting POSIX Message Queue File System...
         Mounting POSIX Message Queue File System...
[   43.051392] systemd[1]: Mounting Debug File System...
         Mounting Debug File System...
[   43.059524] systemd[1]: Starting Journal Service...
         Starting Journal[   43.183098] iscsi: registered transport (iser)
 Service...
[   43.298272] systemd[1]: Starting Monitoring of LVM2 mirrors, snapshots etc. using dmeventd or progress polling...
         Starting Monitoring of LVM2 mirrors... dmeventd or progress polling...
[   43.454372] systemd[1]: Reached target Slices.
[[0;32m  OK  [0m] Reached target Slices.
[   43.495281] systemd[1]: Starting Uncomplicated firewall...
         Starting Uncomplicated firewall...
[   43.650827] systemd[1]: Reached target User and Group Name Lookups.
[[0;32m  OK  [0m] Reached target User and Group Name Lookups.
[   43.904308] systemd[1]: Mounted Huge Pages File System.
[[0;32m  OK  [0m] Mounted Huge Pages File System.
[   44.058374] systemd[1]: Mounted POSIX Message Queue File System.
[[0;32m  OK  [0m] Mounted POSIX Message Queue File System.
[   44.091010] systemd[1]: Mounted Debug File System.
[[0;32m  OK  [0m] Mounted Debug File System.
[   44.238353] systemd[1]: Started Journal Service.
[[0;32m  OK  [0m] Started Journal Service.
[[0;32m  OK  [0m] Started Create list of required sta...ce nodes for the current kernel.
[[0;32m  OK  [0m] Started Set console keymap.
[[0;32m  OK  [0m] Started Load Kernel Modules.
[[0;32m  OK  [0m] Started Remount Root and Kernel File Systems.
[[0;32m  OK  [0m] Started Uncomplicated firewall.
[[0;32m  OK  [0m] Started Nameserver information manager.
[[0;32m  OK  [0m] Started LVM2 metadata daemon.
         Starting Initial cloud-init job (pre-networking)...
         Starting udev Coldplug all Devices...
         Starting Load/Save Random Seed...
         Mounting FUSE Control File System...
         Starting Apply Kernel Variables...
         Starting Create Static Device Nodes in /dev...
         Starting Flush Journal to Persistent Storage...
[[0;32m  OK  [0m] Mounted FUSE Control File System.
[[0;32m  OK  [0m] Started Load/Save Random Seed.
[[0;32m  OK  [0m] Started Apply Kernel Variables.
[[0;32m  OK  [0m] Started Create Static Device Nodes in /dev.
[[0;32m  OK  [0m] Started udev Coldplug all Devices.
[[0;32m  OK  [0m] Started Flush Journal to Persistent Storage.
         Starting udev Kernel Device Manager...
[[0;32m  OK  [0m] Started udev Kernel Device Manager.
[[0;32m  OK  [0m] Started Monitoring of LVM2 mirrors,...ng dmeventd or progress polling.
[[0;32m  OK  [0m] Started Dispatch Password Requests to Console Directory Watch.
[[0;32m  OK  [0m] Reached target Local File Systems (Pre).
[[0;32m  OK  [0m] Reached target Local File Systems.
         Starting Tell Plymouth To Write Out Runtime Data...
         Starting LSB: AppArmor initialization...
         Starting Create Volatile Files and Directories...
         Starting Set console font and keymap...
[[0;32m  OK  [0m] Started Tell Plymouth To Write Out Runtime Data.
[[0;32m  OK  [0m] Started Create Volatile Files and Directories.
[[0;32m  OK  [0m] Found device /dev/ttyS0.
[[0;32m  OK  [0m] Reached target System Time Synchronized.
         Starting Update UTMP about System Boot/Shutdown...
[[0;32m  OK  [0m] Started LSB: AppArmor initialization.
[[0;32m  OK  [0m] Listening on Load/Save RF Kill Switch Status /dev/rfkill Watch.
[[0;32m  OK  [0m] Started Update UTMP about System Boot/Shutdown.
[   22.962918] cloud-init[445]: Cloud-init v. 0.7.9 running 'init-local' at Fri, 03 Nov 2017 01:07:15 +0000. Up 22.76 seconds.
[[0;32m  OK  [0m] Found device 82540EM Gigabit Ethern...r (PRO/1000 MT Desktop Adapter).
[[0;32m  OK  [0m] Started Initial cloud-init job (pre-networking).
[[0;32m  OK  [0m] Reached target Network (Pre).
         Starting Raise network interfaces...
[[0;32m  OK  [0m] Started ifup for enp0s3.
[[0;32m  OK  [0m] Started Set console font and keymap.
[[0;32m  OK  [0m] Created slice system-getty.slice.
[[0;32m  OK  [0m] Started Raise network interfaces.
         Starting Initial cloud-init job (metadata service crawler)...
[[0;32m  OK  [0m] Reached target Network.
[   25.988629] cloud-init[962]: Cloud-init v. 0.7.9 running 'init' at Fri, 03 Nov 2017 01:07:18 +0000. Up 25.78 seconds.
[   26.093297] [cloud-init[0;32m  OK  [0m[962]: ] ci-info: +++++++++++++++++++++++++++++++++++++Net device info++++++++++++++++++++++++++++++++++++++Started Initial cloud-init job (metadata service crawler).

[   26.094674] cloud-init[962]: ci-info: +--------+------+----------------------------+---------------+-------+-------------------+
[   26.368692] [cloud-init[0;32m  OK  [0m[962]: ] ci-info: | Device |  Up  |          Address           |      Mask     | Scope |     Hw-Address    |Reached target System Initialization.

         Starting Socket activation for snappy daemon.
[[0;32m  OK  [0m] Listening on UUID daemon activation socket.
[   26.369865] cloud-init[962]: ci-info: +--------+------+----------------------------+---------------+-------+-------------------+
[   26.700904] cloud-init[962]: ci-info: |   lo   | True |         127.0.0.1          |   255.0.0.0   |   .   |         .         |
[   26.808525] cloud-init[962]: ci-info: |   lo   | True |          ::1/128           |       .       |  host |         .         |
[   26.920241] cloud-init[962]: ci-info: | enp0s3 | True |         10.0.2.15          | 255.255.255.0 |   .   | 02:4c:96:80:3a:3c |
[   27.000996] cloud-init[962]: ci-info: | enp0s3 | True | fe80::4c:96ff:fe80:3a3c/64 |       .       |  link | 02:4c:96:80:3a:3c |
[   27.068227] cloud-init[962]: ci-info: +--------+------+----------------------------+---------------+-------+-------------------+
[   27.184803] cloud-init[962]: ci-info: +++++++++++++++++++++++++++Route IPv4 info++++++++++++++++++++++++++++
[   27.262110] cloud-init[962]: ci-info: +-------+-------------+----------+---------------+-----------+-------+
[   27.321494] cloud-init[962]: ci-info: | Route | Destination | Gateway  |    Genmask    | Interface | Flags |
[[0;32m  OK  [0m] Started Timer to automatically refresh installed snaps.
         Starting LXD - unix socket.
[   27.403600] cloud-init[962]: ci-info: +-------+-------------+----------+---------------+-----------+-------+
[   27.547333] cloud-init[962]: ci-info: |   0   |   0.0.0.0   | 10.0.2.2 |    0.0.0.0    |   enp0s3  |   UG  |
[[0;32m  OK  [0m] Started ACPI Events Check.
[[0;32m  OK  [0m] Reached target Paths.
[[0;32m  OK  [0m] Listening on D-Bus System Message Bus Socket.
[[0;32m  OK  [0m] Listening on ACPID Listen Socket.
[[0;32m  OK  [0m] Started Daily apt activities.
[[0;32m  OK  [0m] Started Daily Cleanup of Temporary Directories.
[[0;32m  OK  [0m] Reached target Timers.
[[0;32m  OK  [0m] Reached target Network is Online.
[   27.631682] cloud-init[962]: ci-info: |   1   |   10.0.2.0  | 0.0.0.0  | 255.255.255.0 |   enp0s3  |   U   |
[   27.997405] cloud-init[962]: ci-info: +-------+-------------+----------+---------------+-----------+-------+
         Starting iSCSI initiator daemon (iscsid)...
[[0;32m  OK  [0m] Reached target Cloud-config availability.
[[0;32m  OK  [0m] Listening on Socket activation for snappy daemon.
[[0;32m  OK  [0m] Listening on LXD - unix socket.
[[0;32m  OK  [0m] Started iSCSI initiator daemon (iscsid).
         Starting Login to default iSCSI targets...
[[0;32m  OK  [0m] Reached target Sockets.
[[0;32m  OK  [0m] Reached target Basic System.
[[0;32m  OK  [0m] Started Deferred execution scheduler.
         Starting Login Service...
         Starting Daily apt activities...
         Starting System Logging Service...
[[0;32m  OK  [0m] Started ACPI event daemon.
         Starting LSB: Record successful boot for GRUB...
         Starting LXD - container startup/shutdown...
[[0;32m  OK  [0m] Started Unattended Upgrades Shutdown.
         Starting LSB: MD monitoring daemon...
         Starting Apply the settings specified in cloud-config...
         Starting OpenBSD Secure Shell server...
[[0;32m  OK  [0m] Started FUSE filesystem for LXC.
         Starting Accounts Service...
         Starting /etc/rc.local Compatibility...
[[0;32m  OK  [0m] Started D-Bus System Message Bus.
[[0;32m  OK  [0m] Started Regular background program processing daemon.
[[0;32m  OK  [0m] Started Snappy daemon.
         Starting Auto import assertions from block devices...
[[0;32m  OK  [0m] Started System Logging Service.
[[0;32m  OK  [0m] Started OpenBSD Secure Shell server.
[[0;32m  OK  [0m] Started LXD - container startup/shutdown.
[[0;32m  OK  [0m] Started /etc/rc.local Compatibility.
[[0;32m  OK  [0m] Started LSB: MD monitoring daemon.
[[0;32m  OK  [0m] Started LSB: Record successful boot for GRUB.
[[0;32m  OK  [0m] Started Auto import assertions from block devices.
[[0;32m  OK  [0m] Started Login to default iSCSI targets.
[[0;32m  OK  [0m] Started Login Service.
         Starting Authenticate and Authorize Users to Run Privileged Tasks...
[[0;32m  OK  [0m] Reached target Remote File Systems (Pre).
[[0;32m  OK  [0m] Reached target Remote File Systems.
         Starting LSB: daemon to balance interrupts for SMP systems...
         Starting LSB: Set the CPU Frequency Scaling governor to "ondemand"...
         Starting Permit User Sessions...
         Starting LSB: VirtualBox Linux Additions...
         Starting LSB: automatic crash report generation...
[[0;32m  OK  [0m] Started Permit User Sessions.
[[0;32m  OK  [0m] Started Authenticate and Authorize Users to Run Privileged Tasks.
[[0;32m  OK  [0m] Started Accounts Service.
[[0;32m  OK  [0m] Started LSB: Set the CPU Frequency Scaling governor to "ondemand".
[[0;32m  OK  [0m] Started LSB: daemon to balance interrupts for SMP systems.
[[0;32m  OK  [0m] Started LSB: VirtualBox Linux Additions.
         Starting Terminate Plymouth Boot Screen...
         Starting Hold until boot process finishes up...
[[0;32m  OK  [0m] Started Terminate Plymouth Boot Screen.
[[0;32m  OK  [0m] Started Hold until boot process finishes up.
[   29.701976] cloud-init[1074]: Cloud-init v. 0.7.9 running 'modules:config' at Fri, 03 Nov 2017 01:07:22 +0000. Up 29.61 seconds.
         Starting Set console scheme...
[[0;32m  OK  [0m] Started Serial Getty on ttyS0.
[[0;32m  OK  [0m] Started Getty on tty1.
[[0;32m  OK  [0m] Reached target Login Prompts.
[[0;32m  OK  [0m] Started Apply the settings specified in cloud-config.
[[0;32m  OK  [0m] Started LSB: automatic crash report generation.
[[0;32m  OK  [0m] Started Set console scheme.
[[0;32m  OK  [0m] Reached target Multi-User System.
[[0;32m  OK  [0m] Reached target Graphical Interface.
         Starting Update UTMP about System Runlevel Changes...
         Starting Execute cloud user/final scripts...
[[0;32m  OK  [0m] Started Update UTMP about System Runlevel Changes.
[   30.514638] cloud-init[1294]: Cloud-init v. 0.7.9 running 'modules:final' at Fri, 03 Nov 2017 01:07:23 +0000. Up 30.41 seconds.
[   30.523560] cloud-init[1294]: Cloud-init v. 0.7.9 finished at Fri, 03 Nov 2017 01:07:23 +0000. Datasource DataSourceNoCloud [seed=/dev/sdb][dsmode=net].  Up 30.50 seconds
[[0;32m  OK  [0m] Started Execute cloud user/final scripts.
[[0;32m  OK  [0m] Reached target Cloud-init target.
[[0;32m  OK  [0m] Created slice User Slice of ubuntu.
         Starting User Manager for UID 1000...
[[0;32m  OK  [0m] Started Session 1 of user ubuntu.
[[0;32m  OK  [0m] Started User Manager for UID 1000.

Ubuntu 16.04.2 LTS ubuntu-xenial ttyS0

ubuntu-xenial login: 