[    0.000000] Initializing cgroup subsys cpuset
[    0.000000] Initializing cgroup subsys cpu
[    0.000000] Initializing cgroup subsys cpuacct
[    0.000000] Linux version 4.4.0-83-generic (buildd@lgw01-29) (gcc version 5.4.0 20160609 (Ubuntu 5.4.0-6ubuntu1~16.04.4) ) #106-Ubuntu SMP Mon Jun 26 17:54:43 UTC 2017 (Ubuntu 4.4.0-83.106-generic 4.4.70)
[    0.000000] Command line: BOOT_IMAGE=/boot/vmlinuz-4.4.0-83-generic root=UUID=8bf37a84-9284-4ad9-adbd-60affffbca26 ro console=tty1 console=ttyS0
[    0.000000] KERNEL supported cpus:
[    0.000000]   Intel GenuineIntel
[    0.000000]   AMD AuthenticAMD
[    0.000000]   Centaur CentaurHauls
[    0.000000] x86/fpu: xstate_offset[2]:  576, xstate_sizes[2]:  256
[    0.000000] x86/fpu: Supporting XSAVE feature 0x01: 'x87 floating point registers'
[    0.000000] x86/fpu: Supporting XSAVE feature 0x02: 'SSE registers'
[    0.000000] x86/fpu: Supporting XSAVE feature 0x04: 'AVX registers'
[    0.000000] x86/fpu: Enabled xstate features 0x7, context size is 832 bytes, using 'standard' format.
[    0.000000] x86/fpu: Using 'lazy' FPU context switches.
[    0.000000] e820: BIOS-provided physical RAM map:
[    0.000000] BIOS-e820: [mem 0x0000000000000000-0x000000000009fbff] usable
[    0.000000] BIOS-e820: [mem 0x000000000009fc00-0x000000000009ffff] reserved
[    0.000000] BIOS-e820: [mem 0x00000000000f0000-0x00000000000fffff] reserved
[    0.000000] BIOS-e820: [mem 0x0000000000100000-0x000000003ffeffff] usable
[    0.000000] BIOS-e820: [mem 0x000000003fff0000-0x000000003fffffff] ACPI data
[    0.000000] BIOS-e820: [mem 0x00000000fec00000-0x00000000fec00fff] reserved
[    0.000000] BIOS-e820: [mem 0x00000000fee00000-0x00000000fee00fff] reserved
[    0.000000] BIOS-e820: [mem 0x00000000fffc0000-0x00000000ffffffff] reserved
[    0.000000] NX (Execute Disable) protection: active
[    0.000000] SMBIOS 2.5 present.
[    0.000000] Hypervisor detected: KVM
[    0.000000] e820: last_pfn = 0x3fff0 max_arch_pfn = 0x400000000
[    0.000000] MTRR: Disabled
[    0.000000] x86/PAT: MTRRs disabled, skipping PAT initialization too.
[    0.000000] x86/PAT: Configuration [0-7]: WB  WT  UC- UC  WB  WT  UC- UC  
[    0.000000] CPU MTRRs all blank - virtualized system.
[    0.000000] found SMP MP-table at [mem 0x0009fff0-0x0009ffff] mapped at [ffff88000009fff0]
[    0.000000] Scanning 1 areas for low memory corruption
[    0.000000] RAMDISK: [mem 0x36238000-0x37113fff]
[    0.000000] ACPI: Early table checksum verification disabled
[    0.000000] ACPI: RSDP 0x00000000000E0000 000024 (v02 VBOX  )
[    0.000000] ACPI: XSDT 0x000000003FFF0030 00003C (v01 VBOX   VBOXXSDT 00000001 ASL  00000061)
[    0.000000] ACPI: FACP 0x000000003FFF00F0 0000F4 (v04 VBOX   VBOXFACP 00000001 ASL  00000061)
[    0.000000] ACPI: DSDT 0x000000003FFF0470 0021C8 (v02 VBOX   VBOXBIOS 00000002 INTL 20100528)
[    0.000000] ACPI: FACS 0x000000003FFF0200 000040
[    0.000000] ACPI: FACS 0x000000003FFF0200 000040
[    0.000000] ACPI: APIC 0x000000003FFF0240 00005C (v02 VBOX   VBOXAPIC 00000001 ASL  00000061)
[    0.000000] ACPI: SSDT 0x000000003FFF02A0 0001CC (v01 VBOX   VBOXCPUT 00000002 INTL 20100528)
[    0.000000] No NUMA configuration found
[    0.000000] Faking a node at [mem 0x0000000000000000-0x000000003ffeffff]
[    0.000000] NODE_DATA(0) allocated [mem 0x3ffeb000-0x3ffeffff]
[    0.000000] kvm-clock: Using msrs 4b564d01 and 4b564d00
[    0.000000] kvm-clock: cpu 0, msr 0:3ffe3001, primary cpu clock
[    0.000000] kvm-clock: using sched offset of 3077285398 cycles
[    0.000000] clocksource: kvm-clock: mask: 0xffffffffffffffff max_cycles: 0x1cd42e4dffb, max_idle_ns: 881590591483 ns
[    0.000000] Zone ranges:
[    0.000000]   DMA      [mem 0x0000000000001000-0x0000000000ffffff]
[    0.000000]   DMA32    [mem 0x0000000001000000-0x000000003ffeffff]
[    0.000000]   Normal   empty
[    0.000000]   Device   empty
[    0.000000] Movable zone start for each node
[    0.000000] Early memory node ranges
[    0.000000]   node   0: [mem 0x0000000000001000-0x000000000009efff]
[    0.000000]   node   0: [mem 0x0000000000100000-0x000000003ffeffff]
[    0.000000] Initmem setup node 0 [mem 0x0000000000001000-0x000000003ffeffff]
[    0.000000] ACPI: PM-Timer IO Port: 0x4008
[    0.000000] IOAPIC[0]: apic_id 2, version 32, address 0xfec00000, GSI 0-23
[    0.000000] ACPI: INT_SRC_OVR (bus 0 bus_irq 0 global_irq 2 dfl dfl)
[    0.000000] ACPI: INT_SRC_OVR (bus 0 bus_irq 9 global_irq 9 high level)
[    0.000000] Using ACPI (MADT) for SMP configuration information
[    0.000000] smpboot: Allowing 2 CPUs, 0 hotplug CPUs
[    0.000000] PM: Registered nosave memory: [mem 0x00000000-0x00000fff]
[    0.000000] PM: Registered nosave memory: [mem 0x0009f000-0x0009ffff]
[    0.000000] PM: Registered nosave memory: [mem 0x000a0000-0x000effff]
[    0.000000] PM: Registered nosave memory: [mem 0x000f0000-0x000fffff]
[    0.000000] e820: [mem 0x40000000-0xfebfffff] available for PCI devices
[    0.000000] Booting paravirtualized kernel on KVM
[    0.000000] clocksource: refined-jiffies: mask: 0xffffffff max_cycles: 0xffffffff, max_idle_ns: 7645519600211568 ns
[    0.000000] setup_percpu: NR_CPUS:512 nr_cpumask_bits:512 nr_cpu_ids:2 nr_node_ids:1
[    0.000000] PERCPU: Embedded 33 pages/cpu @ffff88003fc00000 s98264 r8192 d28712 u1048576
[    0.000000] PV qspinlock hash table entries: 256 (order: 0, 4096 bytes)
[    0.000000] Built 1 zonelists in Node order, mobility grouping on.  Total pages: 257913
[    0.000000] Policy zone: DMA32
[    0.000000] Kernel command line: BOOT_IMAGE=/boot/vmlinuz-4.4.0-83-generic root=UUID=8bf37a84-9284-4ad9-adbd-60affffbca26 ro console=tty1 console=ttyS0
[    0.000000] PID hash table entries: 4096 (order: 3, 32768 bytes)
[    0.000000] Memory: 997360K/1048120K available (8469K kernel code, 1294K rwdata, 3984K rodata, 1488K init, 1316K bss, 50760K reserved, 0K cma-reserved)
[    0.000000] SLUB: HWalign=64, Order=0-3, MinObjects=0, CPUs=2, Nodes=1
[    0.000000] Hierarchical RCU implementation.
[    0.000000] 	Build-time adjustment of leaf fanout to 64.
[    0.000000] 	RCU restricting CPUs from NR_CPUS=512 to nr_cpu_ids=2.
[    0.000000] RCU: Adjusting geometry for rcu_fanout_leaf=64, nr_cpu_ids=2
[    0.000000] NR_IRQS:33024 nr_irqs:440 16
[    0.000000] Console: colour VGA+ 80x25
[    0.000000] console [tty1] enabled
[    0.000000] console [ttyS0] enabled
[    0.000000] tsc: Detected 2394.460 MHz processor
[    8.540535] Calibrating delay loop (skipped) preset value.. 4788.92 BogoMIPS (lpj=9577840)
[    8.541902] pid_max: default: 32768 minimum: 301
[    8.542625] ACPI: Core revision 20150930
[    8.544140] ACPI: 2 ACPI AML tables successfully acquired and loaded
[    8.545203] Security Framework initialized
[    8.545885] Yama: becoming mindful.
[    8.546495] AppArmor: AppArmor initialized
[    8.548763] Dentry cache hash table entries: 131072 (order: 8, 1048576 bytes)
[    8.549905] Inode-cache hash table entries: 65536 (order: 7, 524288 bytes)
[    8.551371] Mount-cache hash table entries: 2048 (order: 2, 16384 bytes)
[    8.552369] Mountpoint-cache hash table entries: 2048 (order: 2, 16384 bytes)
[    8.553497] Initializing cgroup subsys io
[    8.554162] Initializing cgroup subsys memory
[    8.554881] Initializing cgroup subsys devices
[    8.555586] Initializing cgroup subsys freezer
[    8.556346] Initializing cgroup subsys net_cls
[    8.557052] Initializing cgroup subsys perf_event
[    8.557805] Initializing cgroup subsys net_prio
[    8.558520] Initializing cgroup subsys hugetlb
[    8.560262] Initializing cgroup subsys pids
[    8.561036] CPU: Physical Processor ID: 0
[    8.561712] CPU: Processor Core ID: 0
[    8.563148] mce: CPU supports 0 MCE banks
[    8.563911] Last level iTLB entries: 4KB 1024, 2MB 1024, 4MB 1024
[    8.564802] Last level dTLB entries: 4KB 1024, 2MB 1024, 4MB 1024, 1GB 4
[    8.570114] Freeing SMP alternatives memory: 32K (ffffffff820b9000 - ffffffff820c1000)
[    8.578411] ftrace: allocating 32129 entries in 126 pages
[    8.764652] smpboot: APIC(0) Converting physical 0 to logical package 0
[    8.960905] smpboot: Max logical packages: 1
[    9.013879] x2apic enabled
[    9.100645] Switched APIC routing to physical x2apic.
[    9.271094] ..TIMER: vector=0x30 apic1=0 pin1=2 apic2=-1 pin2=-1
[    9.580500] APIC calibration not consistent with PM-Timer: 101ms instead of 100ms
[    9.786233] APIC delta adjusted to PM-Timer: 6253601 (6319395)
[    9.984748] smpboot: CPU0: Intel(R) Core(TM) i7-4700HQ CPU @ 2.40GHz (family: 0x6, model: 0x3c, stepping: 0x3)
[   10.299342] Performance Events: unsupported p6 CPU model 60 no PMU driver, software events only.
[   10.581322] KVM setup paravirtual spinlock
[   10.715886] x86: Booting SMP configuration:
[   10.785857] .... node  #0, CPUs:      #1
[   10.786595] kvm-clock: cpu 1, msr 0:3ffe3041, secondary cpu clock
[   10.879855] mce: CPU supports 0 MCE banks
[   10.992086] x86: Booted up 1 node, 2 CPUs
[   11.113199] smpboot: Total of 2 processors activated (9577.84 BogoMIPS)
[   11.320032] devtmpfs: initialized
[   11.426899] evm: security.selinux
[   11.533343] evm: security.SMACK64
[   11.642745] evm: security.SMACK64EXEC
[   11.736934] evm: security.SMACK64TRANSMUTE
[   11.833573] evm: security.SMACK64MMAP
[   11.923070] evm: security.ima
[   12.019004] evm: security.capability
[   12.143951] clocksource: jiffies: mask: 0xffffffff max_cycles: 0xffffffff, max_idle_ns: 7645041785100000 ns
[   12.452264] futex hash table entries: 512 (order: 3, 32768 bytes)
[   12.649793] pinctrl core: initialized pinctrl subsystem
[   12.813365] RTC time: 22:47:50, date: 07/13/17
[   12.882874] NET: Registered protocol family 16
[   12.975386] cpuidle: using governor ladder
[   13.110525] cpuidle: using governor menu
[   13.208723] PCCT header not found.
[   13.322537] ACPI: bus type PCI registered
[   13.448562] acpiphp: ACPI Hot Plug PCI Controller Driver version: 0.5
[   13.660879] PCI: Using configuration type 1 for base access
[   13.840239] ACPI: Added _OSI(Module Device)
[   13.933241] ACPI: Added _OSI(Processor Device)
[   14.037724] ACPI: Added _OSI(3.0 _SCP Extensions)
[   14.196248] ACPI: Added _OSI(Processor Aggregator Device)
[   14.348919] ACPI: Executed 1 blocks of module-level executable AML code
[   14.561211] ACPI: Interpreter enabled
[   14.679076] ACPI: (supports S0 S5)
[   14.789636] ACPI: Using IOAPIC for interrupt routing
[   14.945461] PCI: Using host bridge windows from ACPI; if necessary, use "pci=nocrs" and report a bug
[   15.140740] ACPI: PCI Root Bridge [PCI0] (domain 0000 [bus 00-ff])
[   15.335750] acpi PNP0A03:00: _OSC: OS supports [ASPM ClockPM Segments MSI]
[   15.562283] acpi PNP0A03:00: _OSC failed (AE_NOT_FOUND); disabling ASPM
[   15.769075] acpi PNP0A03:00: fail to add MMCONFIG information, can't access extended PCI configuration space under this bridge.
[   16.108776] PCI host bridge to bus 0000:00
[   16.236775] pci_bus 0000:00: root bus resource [io  0x0000-0x0cf7 window]
[   16.457094] pci_bus 0000:00: root bus resource [io  0x0d00-0xffff window]
[   16.524457] pci_bus 0000:00: root bus resource [mem 0x000a0000-0x000bffff window]
[   16.525720] pci_bus 0000:00: root bus resource [mem 0x40000000-0xffdfffff window]
[   16.526922] pci_bus 0000:00: root bus resource [bus 00-ff]
[   16.548106] pci 0000:00:01.1: legacy IDE quirk: reg 0x10: [io  0x01f0-0x01f7]
[   16.554098] pci 0000:00:01.1: legacy IDE quirk: reg 0x14: [io  0x03f6]
[   16.560427] pci 0000:00:01.1: legacy IDE quirk: reg 0x18: [io  0x0170-0x0177]
[   16.567659] pci 0000:00:01.1: legacy IDE quirk: reg 0x1c: [io  0x0376]
[   16.596601] pci 0000:00:07.0: quirk: [io  0x4000-0x403f] claimed by PIIX4 ACPI
[   16.791272] pci 0000:00:07.0: quirk: [io  0x4100-0x410f] claimed by PIIX4 SMB
[   16.809809] ACPI: PCI Interrupt Link [LNKA] (IRQs 5 9 10 *11)
[   16.901153] ACPI: PCI Interrupt Link [LNKB] (IRQs 5 9 10 *11)
[   17.048388] ACPI: PCI Interrupt Link [LNKC] (IRQs 5 9 *10 11)
[   17.118067] ACPI: PCI Interrupt Link [LNKD] (IRQs 5 *9 10 11)
[   17.149561] ACPI: Enabled 2 GPEs in block 00 to 07
[   17.150661] vgaarb: setting as boot device: PCI:0000:00:02.0
[   17.154357] vgaarb: device added: PCI:0000:00:02.0,decodes=io+mem,owns=io+mem,locks=none
[   17.155664] vgaarb: loaded
[   17.175465] vgaarb: bridge control possible 0000:00:02.0
[   17.198222] SCSI subsystem initialized
[   17.249232] ACPI: bus type USB registered
[   17.249912] usbcore: registered new interface driver usbfs
[   17.263876] usbcore: registered new interface driver hub
[   17.266301] usbcore: registered new device driver usb
[   17.267318] PCI: Using ACPI for IRQ routing
[   17.365255] NetLabel: Initializing
[   17.458754] NetLabel:  domain hash size = 128
[   17.576330] NetLabel:  protocols = UNLABELED CIPSOv4
[   17.584257] NetLabel:  unlabeled traffic allowed by default
[   17.718561] amd_nb: Cannot enumerate AMD northbridges
[   17.844669] clocksource: Switched to clocksource kvm-clock
[   18.008768] AppArmor: AppArmor Filesystem Enabled
[   18.143345] pnp: PnP ACPI init
[   18.202933] pnp: PnP ACPI: found 3 devices
[   18.337521] clocksource: acpi_pm: mask: 0xffffff max_cycles: 0xffffff, max_idle_ns: 2085701024 ns
[   18.554584] NET: Registered protocol family 2
[   18.555378] TCP established hash table entries: 8192 (order: 4, 65536 bytes)
[   18.608548] TCP bind hash table entries: 8192 (order: 5, 131072 bytes)
[   18.640246] TCP: Hash tables configured (established 8192 bind 8192)
[   18.692110] UDP hash table entries: 512 (order: 2, 16384 bytes)
[   18.766446] UDP-Lite hash table entries: 512 (order: 2, 16384 bytes)
[   18.966510] NET: Registered protocol family 1
[   19.096689] pci 0000:00:00.0: Limiting direct PCI/PCI transfers
[   19.210806] pci 0000:00:01.0: Activating ISA DMA hang workarounds
[   19.276983] Unpacking initramfs...
[   19.477934] Freeing initrd memory: 15216K (ffff880036238000 - ffff880037114000)
[   19.517102] RAPL PMU detected, API unit is 2^-32 Joules, 4 fixed counters 10737418240 ms ovfl timer
[   19.661243] hw unit of domain pp0-core 2^-0 Joules
[   19.741102] hw unit of domain package 2^-0 Joules
[   19.872966] hw unit of domain dram 2^-0 Joules
[   20.012576] hw unit of domain pp1-gpu 2^-0 Joules
[   20.130943] platform rtc_cmos: registered platform RTC device (no PNP device found)
[   20.213629] Scanning for low memory corruption every 60 seconds
[   20.218094] audit: initializing netlink subsys (disabled)
[   20.318320] audit: type=2000 audit(1499986065.399:1): initialized
[   20.375903] Initialise system trusted keyring
[   20.376803] HugeTLB registered 2 MB page size, pre-allocated 0 pages
[   20.387101] zbud: loaded
[   20.387883] VFS: Disk quotas dquot_6.6.0
[   20.393389] VFS: Dquot-cache hash table entries: 512 (order 0, 4096 bytes)
[   20.418700] squashfs: version 4.0 (2009/01/31) Phillip Lougher
[   20.425692] fuse init (API version 7.23)
[   20.426521] Key type big_key registered
[   20.459402] Allocating IMA MOK and blacklist keyrings.
[   20.591762] Key type asymmetric registered
[   20.709064] Asymmetric key parser 'x509' registered
[   20.863778] Block layer SCSI generic (bsg) driver version 0.4 loaded (major 249)
[   21.050263] io scheduler noop registered
[   21.050914] io scheduler deadline registered (default)
[   21.051737] io scheduler cfq registered
[   21.060797] pci_hotplug: PCI Hot Plug PCI Core version: 0.5
[   21.061653] pciehp: PCI Express Hot Plug Controller Driver version: 0.4
[   21.062702] ACPI: AC Adapter [AC] (on-line)
[   21.063402] input: Power Button as /devices/LNXSYSTM:00/LNXPWRBN:00/input/input0
[   21.064585] ACPI: Power Button [PWRF]
[   21.065291] input: Sleep Button as /devices/LNXSYSTM:00/LNXSLPBN:00/input/input1
[   21.154640] tsc: Refined TSC clocksource calibration: 2395.518 MHz
[   21.298879] clocksource: tsc: mask: 0xffffffffffffffff max_cycles: 0x2287ad7612d, max_idle_ns: 440795260738 ns
ÿ[   21.301411] ACPI: Sleep Button [SLPF]
[   21.302090] ACPI: Battery Slot [BAT0] (battery present)
[   21.302114] GHES: HEST is not enabled!
[   21.302195] Serial: 8250/16550 driver, 32 ports, IRQ sharing enabled
[   21.638777] 00:02: ttyS0 at I/O 0x3f8 (irq = 4, base_baud = 115200) is a 16550A
[   21.747613] Linux agpgart interface v0.103
[   21.981412] loop: module loaded
[   21.981846] scsi host0: ata_piix
[   21.981891] scsi host1: ata_piix
[   21.981915] ata1: PATA max UDMA/33 cmd 0x1f0 ctl 0x3f6 bmdma 0xd000 irq 14
[   21.981916] ata2: PATA max UDMA/33 cmd 0x170 ctl 0x376 bmdma 0xd008 irq 15
[   21.981975] libphy: Fixed MDIO Bus: probed
[   21.981977] tun: Universal TUN/TAP device driver, 1.6
[   21.981977] tun: (C) 1999-2004 Max Krasnyansky <maxk@qualcomm.com>
[   21.982246] PPP generic driver version 2.4.2
[   21.982289] ehci_hcd: USB 2.0 'Enhanced' Host Controller (EHCI) Driver
[   21.982294] ehci-pci: EHCI PCI platform driver
[   21.982301] ehci-platform: EHCI generic platform driver
[   21.982307] ohci_hcd: USB 1.1 'Open' Host Controller (OHCI) Driver
[   21.982309] ohci-pci: OHCI PCI platform driver
[   21.982316] ohci-platform: OHCI generic platform driver
[   21.982321] uhci_hcd: USB Universal Host Controller Interface driver
[   21.982362] i8042: PNP: PS/2 Controller [PNP0303:PS2K,PNP0f03:PS2M] at 0x60,0x64 irq 1,12
[   22.109451] serio: i8042 KBD port at 0x60,0x64 irq 1
[   22.109456] serio: i8042 AUX port at 0x60,0x64 irq 12
[   22.109571] mousedev: PS/2 mouse device common for all mice
[   22.109836] rtc_cmos rtc_cmos: rtc core: registered rtc_cmos as rtc0
[   22.109884] rtc_cmos rtc_cmos: alarms up to one day, 114 bytes nvram
[   22.109889] i2c /dev entries driver
[   22.109934] device-mapper: uevent: version 1.0.3
[   22.109976] device-mapper: ioctl: 4.34.0-ioctl (2015-10-28) initialised: dm-devel@redhat.com
[   22.109997] ledtrig-cpu: registered to indicate activity on CPUs
[   22.110222] NET: Registered protocol family 10
[   22.110341] NET: Registered protocol family 17
[   22.110349] Key type dns_resolver registered
[   22.119355] microcode: CPU0 sig=0x306c3, pf=0x40, revision=0x0
[   22.119380] microcode: CPU1 sig=0x306c3, pf=0x40, revision=0x0
[   22.119443] microcode: Microcode Update Driver: v2.01 <tigran@aivazian.fsnet.co.uk>, Peter Oruba
[   22.119537] registered taskstats version 1
[   22.119549] Loading compiled-in X.509 certificates
[   22.120149] Loaded X.509 cert 'Build time autogenerated kernel key: 35105354eb779045e4d9ad793dead39d5ee93f76'
[   22.120169] zswap: loaded using pool lzo/zbud
[   22.121341] Key type trusted registered
[   22.123206] Key type encrypted registered
[   22.123209] AppArmor: AppArmor sha1 policy hashing enabled
[   22.123211] ima: No TPM chip found, activating TPM-bypass!
[   22.123224] evm: HMAC attrs: 0x1
[   22.123471]   Magic number: 9:553:805
[   22.208725] rtc_cmos rtc_cmos: setting system clock to 2017-07-13 22:48:00 UTC (1499986080)
[   22.208955] BIOS EDD facility v0.16 2004-Jun-25, 0 devices found
[   22.208956] EDD information not available.
[   22.218634] input: AT Translated Set 2 keyboard as /devices/platform/i8042/serio0/input/input2
[   26.006213] Freeing unused kernel memory: 1488K (ffffffff81f45000 - ffffffff820b9000)
[   26.009632] Write protecting the kernel read-only data: 14336k
[   26.021768] Freeing unused kernel memory: 1760K (ffff880001848000 - ffff880001a00000)
[   26.023278] Freeing unused kernel memory: 112K (ffff880001de4000 - ffff880001e00000)
Loading, please wait...
starting version[   26.034851] random: systemd-udevd: uninitialized urandom read (16 bytes read, 3 bits of entropy available)
 229
[   26.035259] random: udevadm: uninitialized urandom read (16 bytes read, 3 bits of entropy available)
[   26.035287] random: udevadm: uninitialized urandom read (16 bytes read, 3 bits of entropy available)
[   26.035372] random: udevadm: uninitialized urandom read (16 bytes read, 3 bits of entropy available)
[   26.035405] random: udevadm: uninitialized urandom read (16 bytes read, 3 bits of entropy available)
[   26.035437] random: udevadm: uninitialized urandom read (16 bytes read, 3 bits of entropy available)
[   26.035465] random: udevadm: uninitialized urandom read (16 bytes read, 3 bits of entropy available)
[   26.035497] random: udevadm: uninitialized urandom read (16 bytes read, 3 bits of entropy available)
[   26.035526] random: udevadm: uninitialized urandom read (16 bytes read, 3 bits of entropy available)
[   26.035554] random: udevadm: uninitialized urandom read (16 bytes read, 3 bits of entropy available)
[   27.128047] e1000: Intel(R) PRO/1000 Network Driver - version 7.3.21-k8-NAPI
[   27.344010] e1000: Copyright (c) 1999-2006 Intel Corporation.
[   27.512707] Fusion MPT base driver 3.04.20
[   27.631669] Copyright (c) 1999-2008 LSI Corporation
[   27.646139] AVX version of gcm_enc/dec engaged.
[   27.754753] AES CTR mode by8 optimization enabled
[   27.901446] input: ImExPS/2 Generic Explorer Mouse as /devices/platform/i8042/serio1/input/input4
[   27.955368] Fusion MPT SPI Host driver 3.04.20
[   28.237400] e1000 0000:00:03.0 eth0: (PCI:33MHz:32-bit) 02:4c:96:80:3a:3c
[   28.444933] e1000 0000:00:03.0 eth0: Intel(R) PRO/1000 Network Connection
[   28.640551] e1000 0000:00:03.0 enp0s3: renamed from eth0
[   28.653014] mptbase: ioc0: Initiating bringup
[   28.722079] ioc0: LSI53C1030 A0: Capabilities={Initiator}
[   28.983550] scsi host2: ioc0: LSI53C1030 A0, FwRev=00000000h, Ports=1, MaxQ=256, IRQ=20
[   29.360981] scsi 2:0:0:0: Direct-Access     VBOX     HARDDISK         1.0  PQ: 0 ANSI: 5
[   29.577870] scsi target2:0:0: Beginning Domain Validation
[   29.617825] scsi target2:0:0: Domain Validation skipping write tests
[   29.626034] scsi target2:0:0: Ending Domain Validation
[   29.626924] scsi target2:0:0: asynchronous
[   29.628357] scsi 2:0:1:0: Direct-Access     VBOX     HARDDISK         1.0  PQ: 0 ANSI: 5
[   29.653273] scsi target2:0:1: Beginning Domain Validation
[   29.713846] scsi target2:0:1: Domain Validation skipping write tests
[   29.779134] scsi target2:0:1: Ending Domain Validation
[   29.802524] scsi target2:0:1: asynchronous
[   29.808257] sd 2:0:0:0: Attached scsi generic sg0 type 0
[   29.810053] sd 2:0:0:0: [sda] 20971520 512-byte logical blocks: (10.7 GB/10.0 GiB)
[   29.817883] sd 2:0:1:0: Attached scsi generic sg1 type 0
[   29.818717] sd 2:0:1:0: [sdb] 20480 512-byte logical blocks: (10.5 MB/10.0 MiB)
[   29.818852] sd 2:0:0:0: [sda] Write Protect is off
[   29.818912] sd 2:0:0:0: [sda] Incomplete mode parameter data
[   29.818913] sd 2:0:0:0: [sda] Assuming drive cache: write through
[   29.982780]  sda: sda1
[   29.983334] sd 2:0:0:0: [sda] Attached SCSI disk
[   30.672639] sd 2:0:1:0: [sdb] Write Protect is off
[   30.828513] sd 2:0:1:0: [sdb] Incomplete mode parameter data
[   31.001060] sd 2:0:1:0: [sdb] Assuming drive cache: write through
[   31.159185] floppy0: no floppy controllers found
[   31.161868] work still pending
[   31.162261] sd 2:0:1:0: [sdb] Attached SCSI disk
Begin: Loading e[   32.491573] md: linear personality registered for level -1
ssential drivers[   32.673930] md: multipath personality registered for level -4
 ... [   32.898181] md: raid0 personality registered for level 0
[   33.025610] md: raid1 personality registered for level 1
[   33.101216] raid6: sse2x1   gen()  9080 MB/s
[   33.184899] raid6: sse2x1   xor()  7479 MB/s
[   33.277446] raid6: sse2x2   gen() 12444 MB/s
[   33.469061] raid6: sse2x2   xor()  7987 MB/s
[   33.652711] raid6: sse2x4   gen() 14393 MB/s
[   33.832801] raid6: sse2x4   xor()  9392 MB/s
[   33.922336] raid6: using algorithm sse2x4 gen() 14393 MB/s
[   33.923162] raid6: .... xor() 9392 MB/s, rmw enabled
[   33.985040] raid6: using ssse3x2 recovery algorithm
[   33.992434] xor: automatically using best checksumming function:
[   34.041036]    avx       : 19675.000 MB/sec
[   34.068568] async_tx: api initialized (async)
[   34.102088] md: raid6 personality registered for level 6
[   34.254086] md: raid5 personality registered for level 5
[   34.426196] md: raid4 personality registered for level 4
[   34.595629] md: raid10 personality registered for level 10
done.
Begin: Running /scripts/init-premount ... done[   34.753300] Btrfs loaded
.
Begin: Mounting root file system ... Begin: Running /scripts/local-top ... done.
Begin: Running /scripts/local-premount ... Scanning for Btrfs filesystems
done.
Warning: fsck no[   34.832707] EXT4-fs (sda1): mounted filesystem with ordered data mode. Opts: (null)
t present, so skipping root file system
done.
Begin: Running /scripts/local-bottom ... done.
Begin: Running /scripts/init-bottom ... done.
[   35.177262] systemd[1]: systemd 229 running in system mode. (+PAM +AUDIT +SELINUX +IMA +APPARMOR +SMACK +SYSVINIT +UTMP +LIBCRYPTSETUP +GCRYPT +GNUTLS +ACL +XZ -LZ4 +SECCOMP +BLKID +ELFUTILS +KMOD -IDN)
[   35.299413] systemd[1]: Detected virtualization oracle.
[   35.300227] systemd[1]: Detected architecture x86-64.

Welcome to [1mUbuntu 16.04.2 LTS[0m!

[   35.418246] systemd[1]: Set hostname to <ubuntu-xenial>.
[   35.706657] systemd[1]: Reached target Encrypted Volumes.
[[0;32m  OK  [0m] Reached target Encrypted Volumes.
[   35.889115] systemd[1]: Reached target Swap.
[[0;32m  OK  [0m] Reached target Swap.
[   35.971327] systemd[1]: Listening on /dev/initctl Compatibility Named Pipe.
[[0;32m  OK  [0m] Listening on /dev/initctl Compatibility Named Pipe.
[   35.986608] systemd[1]: Started Trigger resolvconf update for networkd DNS.
[[0;32m  OK  [0m] Started Trigger resolvconf update for networkd DNS.
[   35.988565] systemd[1]: Reached target User and Group Name Lookups.
[[0;32m  OK  [0m] Reached target User and Group Name Lookups.
[   35.997813] systemd[1]: Listening on Journal Socket.
[[0;32m  OK  [0m] Listening on Journal Socket.
[   36.012821] systemd[1]: Listening on udev Control Socket.
[[0;32m  OK  [0m] Listening on udev Control Socket.
[   36.014726] systemd[1]: Listening on Journal Socket (/dev/log).
[[0;32m  OK  [0m] Listening on Journal Socket (/dev/log).
[   36.133252] systemd[1]: Listening on Syslog Socket.
[[0;32m  OK  [0m] Listening on Syslog Socket.
[   36.237408] systemd[1]: Listening on Journal Audit Socket.
[[0;32m  OK  [0m] Listening on Journal Audit Socket.
[   36.497384] systemd[1]: Listening on LVM2 poll daemon socket.
[[0;32m  OK  [0m] Listening on LVM2 poll daemon socket.
[   36.541028] systemd[1]: Created slice User and Session Slice.
[[0;32m  OK  [0m] Created slice User and Session Slice.
[   36.545496] systemd[1]: Listening on LVM2 metadata daemon socket.
[[0;32m  OK  [0m] Listening on LVM2 metadata daemon socket.
[   36.764988] systemd[1]: Listening on udev Kernel Socket.
[[0;32m  OK  [0m] Listening on udev Kernel Socket.
[   36.965622] systemd[1]: Set up automount Arbitrary Executable File Formats File System Automount Point.
[[0;32m  OK  [0m] Set up automount Arbitrary Executab...ats File System Automount Point.
[   37.310796] systemd[1]: Created slice System Slice.
[[0;32m  OK  [0m] Created slice System Slice.
[   37.497293] systemd[1]: Starting Uncomplicated firewall...
         Starting Uncomplicated firewall...
[   37.565280] systemd[1]: Created slice system-serial\x2dgetty.slice.
[[0;32m  OK  [0m] Created slice system-serial\x2dgetty.slice.
[   37.769305] systemd[1]: Mounting Debug File System...
         Mounting Debug File System...
[   37.949493] systemd[1]: Mounting Huge Pages File System...
         Mounting Huge Pages File System...
[   38.154022] systemd[1]: Starting Nameserver information manager...
         Starting Nameserver information manager...
[   38.301553] systemd[1]: Mounting POSIX Message Queue File System...
         Mounting POSIX Message Queue File System...
[   38.497527] systemd[1]: Starting Set console keymap...
         Startin[   38.614897] random: nonblocking pool is initialized
g Set console keymap...
[   38.672460] systemd[1]: Starting Journal Service...
         Starting Journal Service...
[   38.690698] systemd[1]: Starting Create list of required static device nodes for the current kernel...
         Starting Create list of required st... nodes for the current kernel...
[   38.741029] systemd[1]: Starting Remount Root and Kernel File Systems...
[   38.743429] EXT4-fs (sda1): re-mounted. Opts: (null)
         Starting Remount Root and Kernel File Systems...
[   39.181503] systemd[1]: Reached target Slices.
[[0;32m  OK  [0m] Reached target Slices.
[   39.337086] systemd[1]: Started Forward Password Requests to Wall Directory Watch.
[[0;32m  OK  [0m] Started Forward Password Requests to Wall Directory Watch.
[   39.360962] systemd[1]: Starting Load Kernel Modules...
[   39.371861] Loading iSCSI transport class v2.0-870.
         Starting Load Kernel Mo[   39.390719] iscsi: registered transport (tcp)
dules...
[   39.549254] systemd[1]: Listening on Device-mapper event daemon FIFOs.
[[0;32m  OK  [0m] Listening on Device-mapper event daemon FIFOs.
[   39.552774] systemd[1]: Starting Monitoring of LVM2 mirrors, snapshots etc. using dmeventd or progress polling...
         Starting Monitoring of LVM2 mirrors... dmeventd or prog[   39.755190] iscsi: registered transport (iser)
ress polling...
[   39.759059] systemd[1]: Mounted Huge Pages File System.
[[0;32m  OK  [0m] Mounted Huge Pages File System.
[   39.760603] systemd[1]: Mounted POSIX Message Queue File System.
[[0;32m  OK  [0m] Mounted POSIX Message Queue File System.
[   39.762722] systemd[1]: Mounted Debug File System.
[[0;32m  OK  [0m] Mounted Debug File System.
[   39.809651] systemd[1]: Started Journal Service.
[[0;32m  OK  [0m] Started Journal Service.
[[0;32m  OK  [0m] Started Uncomplicated firewall.
[[0;32m  OK  [0m] Started Set console keymap.
[[0;32m  OK  [0m] Started Create list of required sta...ce nodes for the current kernel.
[[0;32m  OK  [0m] Started Remount Root and Kernel File Systems.
[[0;32m  OK  [0m] Started Load Kernel Modules.
[[0;32m  OK  [0m] Started Nameserver information manager.
[[0;32m  OK  [0m] Started LVM2 metadata daemon.
         Mounting FUSE Control File System...
         Starting Apply Kernel Variables...
         Starting Load/Save Random Seed...
         Starting udev Coldplug all Devices...
         Starting Initial cloud-init job (pre-networking)...
         Starting Create Static Device Nodes in /dev...
         Starting Flush Journal to Persistent Storage...
[[0;32m  OK  [0m] Mounted FUSE Control File System.
[[0;32m  OK  [0m] Started Apply Kernel Variables.
[[0;32m  OK  [0m] Started Load/Save Random Seed.
[[0;32m  OK  [0m] Started Create Static Device Nodes in /dev.
[[0;32m  OK  [0m] Started Monitoring of LVM2 mirrors,...ng dmeventd or progress polling.
[[0;32m  OK  [0m] Started udev Coldplug all Devices.
[[0;32m  OK  [0m] Started Flush Journal to Persistent Storage.
         Starting udev Kernel Device Manager...
[[0;32m  OK  [0m] Started udev Kernel Device Manager.
[[0;32m  OK  [0m] Started Dispatch Password Requests to Console Directory Watch.
[[0;32m  OK  [0m] Reached target Local File Systems (Pre).
[[0;32m  OK  [0m] Reached target Local File Systems.
         Starting LSB: AppArmor initialization...
         Starting Set console font and keymap...
         Starting Tell Plymouth To Write Out Runtime Data...
         Starting Create Volatile Files and Directories...
[[0;32m  OK  [0m] Started Tell Plymouth To Write Out Runtime Data.
[[0;32m  OK  [0m] Started Create Volatile Files and Directories.
[[0;32m  OK  [0m] Found device /dev/ttyS0.
[[0;32m  OK  [0m] Reached target System Time Synchronized.
         Starting Update UTMP about System Boot/Shutdown...
[[0;32m  OK  [0m] Started LSB: AppArmor initialization.
[   24.484461] cloud-init[463]: Cloud-init v. 0.7.9 running 'init-local' at Thu, 13 Jul 2017 22:48:19 +0000. Up 24.21 seconds.
[[0;32m  OK  [0m] Listening on Load/Save RF Kill Switch Status /dev/rfkill Watch.
[[0;32m  OK  [0m] Started Update UTMP about System Boot/Shutdown.
[[0;32m  OK  [0m] Started Set console font and keymap.
[[0;32m  OK  [0m] Started Initial cloud-init job (pre-networking).
[[0;32m  OK  [0m] Reached target Network (Pre).
         Starting Raise network interfaces...
[[0;32m  OK  [0m] Started ifup for enp0s3.
[[0;32m  OK  [0m] Created slice system-getty.slice.
[[0;32m  OK  [0m] Started Raise network interfaces.
[[0;32m  OK  [0m] Reached target Network.
         Starting Initial cloud-init job (metadata service crawler)...
[   27.757028] cloud-init[965]: Cloud-init v. 0.7.9 running 'init' at Thu, 13 Jul 2017 22:48:23 +0000. Up 27.55 seconds.
[   27.840302] [cloud-init[0;32m  OK  [0m[965]: ] ci-info: +++++++++++++++++++++++++++++++++++++Net device info++++++++++++++++++++++++++++++++++++++Started Initial cloud-init job (metadata service crawler).

[   27.840565] cloud-init[965]: ci-info: +--------+------+----------------------------+---------------+-------+-------------------+
[   28.003747] [[0;32m  OK  [0m] Reached target Cloud-config availability.
cloud-init[965]: ci-info: | Device |  Up  |          Address           |      Mask     | Scope |     Hw-Address    |
[   28.192842] [cloud-init[0;32m  OK  [0m[965]: ] ci-info: +--------+------+----------------------------+---------------+-------+-------------------+Reached target System Initialization.

[   28.193392] cloud-init[965]: ci-info: | enp0s3 | True |         10.0.2.15          | 255.255.255.0 |   .   | 02:4c:96:80:3a:3c |
[   28.303253] [[0;32m  OK  [0m] Started Timer to automatically refresh installed snaps.
[[0;32m  OK  [0m] Listening on ACPID Listen Socket.
cloud-init[965]: ci-info: | enp0s3 | True | fe80::4c:96ff:fe80:3a3c/64 |       .       |  link | 02:4c:96:80:3a:3c |
[   28.465703]          cloud-initStarting LXD - unix socket.[965]: 
ci-info: |   lo   | True |         127.0.0.1          |   255.0.0.0   |   .   |         .         |
[   28.600386] [cloud-init[0;32m  OK  [0m[965]: ] ci-info: |   lo   | True |          ::1/128           |       .       |  host |         .         |Listening on D-Bus System Message Bus Socket.

         Starting Socket activation for snappy daemon.
[[0;32m  OK  [0m] Started Daily Cleanup of Temporary Directories.
[   28.600868] cloud-init[965]: ci-info: +--------+------+----------------------------+---------------+-------+-------------------+
[[0;32m  OK  [0m] Started ACPI Events Check.
[[0;32m  OK  [0m] Reached target Paths.
[[0;32m  OK  [0m] Started Daily apt activities.
[   28.676895] cloud-init[965]: ci-info: +++++++++++++++++++++++++++Route IPv4 info++++++++++++++++++++++++++++
[[0;32m  OK  [0m] Reached target Timers.
[   28.712809] [cloud-init[0;32m  OK  [0m[965]: ] ci-info: +-------+-------------+----------+---------------+-----------+-------+Listening on UUID daemon activation socket.

[   28.873884] [cloud-init[0;32m  OK  [0m[965]: ] ci-info: | Route | Destination | Gateway  |    Genmask    | Interface | Flags |Reached target Network is Online.

[   29.002537] cloud-init[965]: ci-info: +-------+-------------+----------+---------------+-----------+-------+
[   29.256480]          cloud-initStarting iSCSI initiator daemon (iscsid)...[965]: 
ci-info: |   0   |   0.0.0.0   | 10.0.2.2 |    0.0.0.0    |   enp0s3  |   UG  |
[   29.380677] [cloud-init[0;32m  OK  [0m[965]: ] ci-info: |   1   |   10.0.2.0  | 0.0.0.0  | 255.255.255.0 |   enp0s3  |   U   |Listening on LXD - unix socket.

[[0;32m  OK  [0m] Listening on Socket activation for snappy daemon.
[   29.381294] cloud-init[965]: ci-info: +-------+-------------+----------+---------------+-----------+-------+
[[0;32m  OK  [0m] Started iSCSI initiator daemon (iscsid).
         Starting Login to default iSCSI targets...
[[0;32m  OK  [0m] Reached target Sockets.
[[0;32m  OK  [0m] Reached target Basic System.
         Starting Login Service...
         Starting Daily apt activities...
         Starting Apply the settings specified in cloud-config...
         Starting LSB: Record successful boot for GRUB...
         Starting LXD - container startup/shutdown...
         Starting System Logging Service...
[[0;32m  OK  [0m] Started ACPI event daemon.
         Starting LSB: MD monitoring daemon...
         Starting OpenBSD Secure Shell server...
         Starting /etc/rc.local Compatibility...
[[0;32m  OK  [0m] Started FUSE filesystem for LXC.
[[0;32m  OK  [0m] Started Regular background program processing daemon.
         Starting Accounts Service...
[[0;32m  OK  [0m] Started Unattended Upgrades Shutdown.
[[0;32m  OK  [0m] Started Deferred execution scheduler.
[[0;32m  OK  [0m] Started D-Bus System Message Bus.
[[0;32m  OK  [0m] Started Snappy daemon.
         Starting Auto import assertions from block devices...
[[0;32m  OK  [0m] Started System Logging Service.
[[0;32m  OK  [0m] Started OpenBSD Secure Shell server.
[[0;32m  OK  [0m] Started LXD - container startup/shutdown.
[[0;32m  OK  [0m] Started /etc/rc.local Compatibility.
[[0;32m  OK  [0m] Started Auto import assertions from block devices.
[[0;32m  OK  [0m] Started LSB: Record successful boot for GRUB.
[[0;32m  OK  [0m] Started Login to default iSCSI targets.
[[0;32m  OK  [0m] Started LSB: MD monitoring daemon.
         Starting Authenticate and Authorize Users to Run Privileged Tasks...
[[0;32m  OK  [0m] Reached target Remote File Systems (Pre).
[[0;32m  OK  [0m] Reached target Remote File Systems.
         Starting LSB: VirtualBox Linux Additions...
         Starting Permit User Sessions...
         Starting LSB: daemon to balance interrupts for SMP systems...
         Starting LSB: automatic crash report generation...
         Starting LSB: Set the CPU Frequency Scaling governor to "ondemand"...
[[0;32m  OK  [0m] Started Permit User Sessions.
[[0;32m  OK  [0m] Started Login Service.
[[0;32m  OK  [0m] Started Authenticate and Authorize Users to Run Privileged Tasks.
[[0;32m  OK  [0m] Started Apply the settings specified in cloud-config.
[   30.417319] cloud-init[1030]: Cloud-init v. 0.7.9 running 'modules:config' at Thu, 13 Jul 2017 22:48:25 +0000. Up 30.29 seconds.
[[0;32m  OK  [0m] Started Accounts Service.
[[0;32m  OK  [0m] Created slice User Slice of ubuntu.
         Starting User Manager for UID 1000...
[[0;32m  OK  [0m] Started Session 1 of user ubuntu.
         Starting Terminate Plymouth Boot Screen...
         Starting Hold until boot process finishes up...
[[0;32m  OK  [0m] Started User Manager for UID 1000.
[[0;32m  OK  [0m] Started LSB: VirtualBox Linux Additions.
[[0;32m  OK  [0m] Started LSB: daemon to balance interrupts for SMP systems.
[[0;32m  OK  [0m] Started LSB: automatic crash report generation.
[[0;32m  OK  [0m] Started LSB: Set the CPU Frequency Scaling governor to "ondemand".
[[0;32m  OK  [0m] Started Terminate Plymouth Boot Screen.
[[0;32m  OK  [0m] Started Hold until boot process finishes up.
[[0;32m  OK  [0m] Started Getty on tty1.
[[0;32m  OK  [0m] Started Serial Getty on ttyS0.
[[0;32m  OK  [0m] Reached target Login Prompts.
         Starting Set console scheme...
[[0;32m  OK  [0m] Reached target Multi-User System.
[[0;32m  OK  [0m] Reached target Graphical Interface.
         Starting Update UTMP about System Runlevel Changes...
         Starting Execute cloud user/final scripts...
[[0;32m  OK  [0m] Started Set console scheme.
[[0;32m  OK  [0m] Started Update UTMP about System Runlevel Changes.
[   31.405554] cloud-init[1329]: Cloud-init v. 0.7.9 running 'modules:final' at Thu, 13 Jul 2017 22:48:26 +0000. Up 31.29 seconds.
[   31.472693] [[0;32m  OK  [0m] Started Execute cloud user/final scripts.
cloud-init[1329]: Cloud-init v. 0.7.9 finished at Thu, 13 Jul 2017 22:48:26 +0000. Datasource DataSourceNoCloud [seed=/dev/sdb][dsmode=net].  Up 31.39 seconds
[[0;32m  OK  [0m] Reached target Cloud-init target.
         Stopping User Manager for UID 1000...
[[0;32m  OK  [0m] Stopped User Manager for UID 1000.
[[0;32m  OK  [0m] Removed slice User Slice of ubuntu.

Ubuntu 16.04.2 LTS ubuntu-xenial ttyS0

ubuntu-xenial login: [[0;32m  OK  [0m] Stopped target Graphical Interface.
[[0;32m  OK  [0m] Closed Load/Save RF Kill Switch Status /dev/rfkill Watch.
         Stopping Autt[[0;32m  OK  [0m] Unmounted /var/lib/lxcfs.
[[0;32m  OK  [0m] Stopped System Logging Service.
[[0;32m  OK  [0m] Stopped OpenBSD Secure Shell server.
[[0;32m  OK  [0m] Stopped ACPI event daemon.
[[0;32m  OK  [0m] Stopped Regular background program processing daemon.
[[0;32m  OK  [0m] Stopped Accounts Service.
[[0;32m  OK  [0m] Stopped Deferred execution scheduler.
[[0;32m  OK  [0m] Stopped Snappy daemon.
[[0;32m  OK  [0m] Stopped Authenticate and Authorize Users to Run Privileged Tasks.
[[0;32m  OK  [0m] Stopped Getty on tty1.
[[0;32m  OK  [0m] Stopped Serial Getty on ttyS0.
[[0;32m  OK  [0m] Stopped User Manager for UID 1000.
[[0;32m  OK  [0m] Stopped D-Bus System Message Bus.
[[0;32m  OK  [0m] Stopped Session 6 of user ubuntu.
[[0;32m  OK  [0m] Stopped Unattended Upgrades Shutdown.
[[0;32m  OK  [0m] Stopped FUSE filesystem for LXC.
[[0;32m  OK  [0m] Stopped LXD - container startup/shutdown.
[[0;32m  OK  [0m] Stopped LSB: VirtualBox Linux Additions.
[[0;32m  OK  [0m] Stopped LSB: MD monitoring daemon.
[[0;32m  OK  [0m] Stopped LSB: Set the CPU Frequency Scaling governor to "ondemand".
[[0;32m  OK  [0m] Stopped LSB: Record successful boot for GRUB.
[[0;32m  OK  [0m] Stopped LSB: automatic crash report generation.
[[0;32m  OK  [0m] Stopped LSB: daemon to balance interrupts for SMP systems.
[[0;32m  OK  [0m] Removed slice User Slice of ubuntu.
         Stopping Login Service...
[[0;32m  OK  [0m] Removed slice system-serial\x2dgetty.slice.
[[0;32m  OK  [0m] Stopped /etc/rc.local Compatibility.
         Stopping Permit User Sessions...
[[0;32m  OK  [0m] Removed slice system-getty.slice.
[[0;32m  OK  [0m] Stopped Login Service.
[[0;32m  OK  [0m] Stopped Permit User Sessions.
[[0;32m  OK  [0m] Stopped target Remote File Systems.
[[0;32m  OK  [0m] Stopped target Remote File Systems (Pre).
         Stopping Login to default iSCSI targets...
[[0;32m  OK  [0m] Stopped target User and Group Name Lookups.
[[0;32m  OK  [0m] Stopped target Basic System.
[[0;32m  OK  [0m] Stopped target Sockets.
[[0;32m  OK  [0m] Closed LXD - unix socket.
[[0;32m  OK  [0m] Closed D-Bus System Message Bus Socket.
[[0;32m  OK  [0m] Closed Socket activation for snappy daemon.
[[0;32m  OK  [0m] Closed Syslog Socket.
[[0;32m  OK  [0m] Closed UUID daemon activation socket.
[[0;32m  OK  [0m] Closed ACPID Listen Socket.
[[0;32m  OK  [0m] Stopped target Slices.
[[0;32m  OK  [0m] Stopped target Paths.
[[0;32m  OK  [0m] Stopped ACPI Events Check.
[[0;32m  OK  [0m] Stopped Forward Password Requests to Wall Directory Watch.
[[0;32m  OK  [0m] Stopped Dispatch Password Requests to Console Directory Watch.
[[0;32m  OK  [0m] Removed slice User and Session Slice.
[[0;32m  OK  [0m] Stopped target System Initialization.
         Stopping Update UTMP about System Boot/Shutdown...
         Stopping Load/Save Random Seed...
[[0;32m  OK  [0m] Stopped target Encrypted Volumes.
[[0;32m  OK  [0m] Stopped target Swap.
[[0;32m  OK  [0m] Stopped Load/Save Random Seed.
[[0;32m  OK  [0m] Stopped Login to default iSCSI targets.
[[0;32m  OK  [0m] Stopped Update UTMP about System Boot/Shutdown.
[[0;32m  OK  [0m] Stopped Create Volatile Files and Directories.
         Stopping iSCSI initiator daemon (iscsid)...
[[0;32m  OK  [0m] Stopped iSCSI initiator daemon (iscsid).
[[0;32m  OK  [0m] Stopped target Network is Online.
[[0;32m  OK  [0m] Stopped Initial cloud-init job (metadata service crawler).
[[0;32m  OK  [0m] Stopped target Network.
         Stopping Raise network interfaces...
[[0;32m  OK  [0m] Stopped Raise network interfaces.
[[0;32m  OK  [0m] Stopped target Local File Systems.
         Unmounting /vagrant...
         Unmounting /run/user/1000...
[[0;32m  OK  [0m] Stopped Apply Kernel Variables.
[[0;32m  OK  [0m] Stopped Load Kernel Modules.
[[0;32m  OK  [0m] Stopped target Network (Pre).
[[0;32m  OK  [0m] Stopped Initial cloud-init job (pre-networking).
[[0;32m  OK  [0m] Unmounted /vagrant.
[[0;32m  OK  [0m] Unmounted /run/user/1000.
[[0;32m  OK  [0m] Reached target Unmount All Filesystems.
[[0;32m  OK  [0m] Stopped target Local File Systems (Pre).
         Stopping Monitoring of LVM2 mirrors... dmeventd or progress polling...
[[0;32m  OK  [0m] Stopped Remount Root and Kernel File Systems.
[[0;32m  OK  [0m] Stopped Create Static Device Nodes in /dev.
[[0;32m  OK  [0m] Reached target Shutdown.
[10186.525044] reboot: Power down
